
> dvault@0.2.0 package:win-portable
> cross-env CSC_IDENTITY_AUTO_DISCOVERY=false electron-builder --win portable

  • electron-builder  version=26.4.0 os=10.0.26200
  • loaded configuration  file=package.json ("build" field)
  • executing @electron/rebuild  electronVersion=25.9.8 arch=x64 buildFromSource=false workspaceRoot=C:\Users\MikeT\Documents\DVAULT projectDir=./ appDir=./
  • installing native dependencies  arch=x64
  • preparing       moduleName=node-hid arch=x64
  • finished        moduleName=node-hid arch=x64
  • completed installing native dependencies
  • packaging       platform=win32 arch=x64 electron=25.9.8 appOutDir=dist\win-unpacked
  • updating asar integrity executable resource  executablePath=dist\win-unpacked\Dvault.exe
  • downloading     url=https://github.com/electron-userland/electron-builder-binaries/releases/download/winCodeSign-2.6.0/winCodeSign-2.6.0.7z size=5.6 MB parts=1
  • downloaded      url=https://github.com/electron-userland/electron-builder-binaries/releases/download/winCodeSign-2.6.0/winCodeSign-2.6.0.7z duration=820ms
  ⨯ cannot execute  cause=exit status 2
                    out=
    7-Zip (a) 21.07 (x64) : Copyright (c) 1999-2021 Igor Pavlov : 2021-12-26
    
    Scanning the drive for archives:
    1 file, 5635384 bytes (5504 KiB)
    
    Extracting archive: C:\Users\MikeT\AppData\Local\electron-builder\Cache\winCodeSign\672362383.7z
    --
    Path = C:\Users\MikeT\AppData\Local\electron-builder\Cache\winCodeSign\672362383.7z
    Type = 7z
    Physical Size = 5635384
    Headers Size = 1492
    Method = LZMA2:24m LZMA:20 BCJ2
    Solid = +
    Blocks = 2
    
    
    Sub items Errors: 2
    
    Archives with Errors: 1
    
    Sub items Errors: 2
    
                    errorOut=ERROR: Cannot create symbolic link : A required privilege is not held by the client. : C:\Users\MikeT\AppData\Local\electron-builder\Cache\winCodeSign\672362383\darwin\10.12\lib\libcrypto.dylib
    ERROR: Cannot create symbolic link : A required privilege is not held by the client. : C:\Users\MikeT\AppData\Local\electron-builder\Cache\winCodeSign\672362383\darwin\10.12\lib\libssl.dylib
    
                    command='C:\Users\MikeT\Documents\DVAULT\node_modules\7zip-bin\win\x64\7za.exe' x -snld -bd 'C:\Users\MikeT\AppData\Local\electron-builder\Cache\winCodeSign\672362383.7z' '-oC:\Users\MikeT\AppData\Local\electron-builder\Cache\winCodeSign\672362383'
                    workingDir=C:\Users\MikeT\AppData\Local\electron-builder\Cache\winCodeSign
  • downloading     url=https://github.com/electron-userland/electron-builder-binaries/releases/download/winCodeSign-2.6.0/winCodeSign-2.6.0.7z size=5.6 MB parts=1
  • downloaded      url=https://github.com/electron-userland/electron-builder-binaries/releases/download/winCodeSign-2.6.0/winCodeSign-2.6.0.7z duration=950ms
  ⨯ cannot execute  cause=exit status 2
                    out=
    7-Zip (a) 21.07 (x64) : Copyright (c) 1999-2021 Igor Pavlov : 2021-12-26
    
    Scanning the drive for archives:
    1 file, 5635384 bytes (5504 KiB)
    
    Extracting archive: C:\Users\MikeT\AppData\Local\electron-builder\Cache\winCodeSign\971462315.7z
    --
    Path = C:\Users\MikeT\AppData\Local\electron-builder\Cache\winCodeSign\971462315.7z
    Type = 7z
    Physical Size = 5635384
    Headers Size = 1492
    Method = LZMA2:24m LZMA:20 BCJ2
    Solid = +
    Blocks = 2
    
    
    Sub items Errors: 2
    
    Archives with Errors: 1
    
    Sub items Errors: 2
    
                    errorOut=ERROR: Cannot create symbolic link : A required privilege is not held by the client. : C:\Users\MikeT\AppData\Local\electron-builder\Cache\winCodeSign\971462315\darwin\10.12\lib\libcrypto.dylib
    ERROR: Cannot create symbolic link : A required privilege is not held by the client. : C:\Users\MikeT\AppData\Local\electron-builder\Cache\winCodeSign\971462315\darwin\10.12\lib\libssl.dylib
    
                    command='C:\Users\MikeT\Documents\DVAULT\node_modules\7zip-bin\win\x64\7za.exe' x -snld -bd 'C:\Users\MikeT\AppData\Local\electron-builder\Cache\winCodeSign\971462315.7z' '-oC:\Users\MikeT\AppData\Local\electron-builder\Cache\winCodeSign\971462315'
                    workingDir=C:\Users\MikeT\AppData\Local\electron-builder\Cache\winCodeSign
  • downloading     url=https://github.com/electron-userland/electron-builder-binaries/releases/download/winCodeSign-2.6.0/winCodeSign-2.6.0.7z size=5.6 MB parts=1
  • downloaded      url=https://github.com/electron-userland/electron-builder-binaries/releases/download/winCodeSign-2.6.0/winCodeSign-2.6.0.7z duration=708ms
  ⨯ cannot execute  cause=exit status 2
                    out=
    7-Zip (a) 21.07 (x64) : Copyright (c) 1999-2021 Igor Pavlov : 2021-12-26
    
    Scanning the drive for archives:
    1 file, 5635384 bytes (5504 KiB)
    
    Extracting archive: C:\Users\MikeT\AppData\Local\electron-builder\Cache\winCodeSign\084640803.7z
    --
    Path = C:\Users\MikeT\AppData\Local\electron-builder\Cache\winCodeSign\084640803.7z
    Type = 7z
    Physical Size = 5635384
    Headers Size = 1492
    Method = LZMA2:24m LZMA:20 BCJ2
    Solid = +
    Blocks = 2
    
    
    Sub items Errors: 2
    
    Archives with Errors: 1
    
    Sub items Errors: 2
    
                    errorOut=ERROR: Cannot create symbolic link : A required privilege is not held by the client. : C:\Users\MikeT\AppData\Local\electron-builder\Cache\winCodeSign\084640803\darwin\10.12\lib\libcrypto.dylib
    ERROR: Cannot create symbolic link : A required privilege is not held by the client. : C:\Users\MikeT\AppData\Local\electron-builder\Cache\winCodeSign\084640803\darwin\10.12\lib\libssl.dylib
    
                    command='C:\Users\MikeT\Documents\DVAULT\node_modules\7zip-bin\win\x64\7za.exe' x -snld -bd 'C:\Users\MikeT\AppData\Local\electron-builder\Cache\winCodeSign\084640803.7z' '-oC:\Users\MikeT\AppData\Local\electron-builder\Cache\winCodeSign\084640803'
                    workingDir=C:\Users\MikeT\AppData\Local\electron-builder\Cache\winCodeSign
  • downloading     url=https://github.com/electron-userland/electron-builder-binaries/releases/download/winCodeSign-2.6.0/winCodeSign-2.6.0.7z size=5.6 MB parts=1
  • downloaded      url=https://github.com/electron-userland/electron-builder-binaries/releases/download/winCodeSign-2.6.0/winCodeSign-2.6.0.7z duration=952ms
  ⨯ cannot execute  cause=exit status 2
                    out=
    7-Zip (a) 21.07 (x64) : Copyright (c) 1999-2021 Igor Pavlov : 2021-12-26
    
    Scanning the drive for archives:
    1 file, 5635384 bytes (5504 KiB)
    
    Extracting archive: C:\Users\MikeT\AppData\Local\electron-builder\Cache\winCodeSign\785201719.7z
    --
    Path = C:\Users\MikeT\AppData\Local\electron-builder\Cache\winCodeSign\785201719.7z
    Type = 7z
    Physical Size = 5635384
    Headers Size = 1492
    Method = LZMA2:24m LZMA:20 BCJ2
    Solid = +
    Blocks = 2
    
    
    Sub items Errors: 2
    
    Archives with Errors: 1
    
    Sub items Errors: 2
    
                    errorOut=ERROR: Cannot create symbolic link : A required privilege is not held by the client. : C:\Users\MikeT\AppData\Local\electron-builder\Cache\winCodeSign\785201719\darwin\10.12\lib\libcrypto.dylib
    ERROR: Cannot create symbolic link : A required privilege is not held by the client. : C:\Users\MikeT\AppData\Local\electron-builder\Cache\winCodeSign\785201719\darwin\10.12\lib\libssl.dylib
    
                    command='C:\Users\MikeT\Documents\DVAULT\node_modules\7zip-bin\win\x64\7za.exe' x -snld -bd 'C:\Users\MikeT\AppData\Local\electron-builder\Cache\winCodeSign\785201719.7z' '-oC:\Users\MikeT\AppData\Local\electron-builder\Cache\winCodeSign\785201719'
                    workingDir=C:\Users\MikeT\AppData\Local\electron-builder\Cache\winCodeSign
